kotlin version: 2.3.0
error message: org.jetbrains.kotlin.util.FileAnalysisException: While analysing /Volumes/stuff/Projects/kotlinmania/starlark-kotlin/src/commonMain/kotlin/io/github/kotlinmania/starlark_kotlin/eval/bc/opcode.kt:186:16: java.lang.AssertionError: Assertion failed
	at org.jetbrains.kotlin.util.AnalysisExceptionsKt.wrapIntoFileAnalysisExceptionIfNeeded(AnalysisExceptions.kt:57)
	at org.jetbrains.kotlin.fir.FirCliExceptionHandler.handleExceptionOnFileAnalysis(Utils.kt:269)
	at org.jetbrains.kotlin.fir.resolve.transformers.body.resolve.FirDeclarationsResolveTransformer.transformFile(FirDeclarationsResolveTransformer.kt:1903)
	at org.jetbrains.kotlin.fir.resolve.transformers.body.resolve.FirAbstractBodyResolveTransformerDispatcher.transformFile(FirAbstractBodyResolveTransformerDispatcher.kt:60)
	at org.jetbrains.kotlin.fir.resolve.transformers.body.resolve.FirAbstractBodyResolveTransformerDispatcher.transformFile(FirAbstractBodyResolveTransformerDispatcher.kt:27)
	at org.jetbrains.kotlin.fir.declarations.FirFile.transform(FirFile.kt:47)
	at org.jetbrains.kotlin.fir.resolve.transformers.body.resolve.FirBodyResolveTransformerAdapter.transformFile(FirBodyResolveTransformerAdapters.kt:41)
	at org.jetbrains.kotlin.fir.declarations.FirFile.transform(FirFile.kt:47)
	at org.jetbrains.kotlin.fir.resolve.transformers.FirTransformerBasedResolveProcessor.processFile(FirResolveProcessor.kt:53)
	at org.jetbrains.kotlin.fir.resolve.transformers.FirTotalResolveProcessor.process(FirTotalResolveProcessor.kt:36)
	at org.jetbrains.kotlin.fir.pipeline.AnalyseKt.runResolution(analyse.kt:24)
	at org.jetbrains.kotlin.fir.pipeline.FirUtilsKt.resolveAndCheckFir(firUtils.kt:76)
	at org.jetbrains.kotlin.cli.pipeline.metadata.MetadataFrontendPipelinePhase.executePhase(MetadataFrontendPipelinePhase.kt:116)
	at org.jetbrains.kotlin.cli.pipeline.metadata.MetadataFrontendPipelinePhase.executePhase(MetadataFrontendPipelinePhase.kt:49)
	at org.jetbrains.kotlin.cli.pipeline.PipelinePhase.phaseBody(PipelinePhase.kt:68)
	at org.jetbrains.kotlin.cli.pipeline.PipelinePhase.phaseBody(PipelinePhase.kt:58)
	at org.jetbrains.kotlin.config.phaser.NamedCompilerPhase.invoke(CompilerPhase.kt:102)
	at org.jetbrains.kotlin.backend.common.phaser.CompositePhase.invoke(PhaseBuilders.kt:22)
	at org.jetbrains.kotlin.config.phaser.CompilerPhaseKt.invokeToplevel(CompilerPhase.kt:53)
	at org.jetbrains.kotlin.cli.pipeline.AbstractCliPipeline.runPhasedPipeline(AbstractCliPipeline.kt:109)
	at org.jetbrains.kotlin.cli.pipeline.AbstractCliPipeline.execute(AbstractCliPipeline.kt:68)
	at org.jetbrains.kotlin.cli.metadata.KotlinMetadataCompiler.doExecutePhased(KotlinMetadataCompiler.kt:61)
	at org.jetbrains.kotlin.cli.metadata.KotlinMetadataCompiler.doExecutePhased(KotlinMetadataCompiler.kt:54)
	at org.jetbrains.kotlin.cli.common.CLICompiler.execImpl(CLICompiler.kt:89)
	at org.jetbrains.kotlin.cli.common.CLICompiler.exec(CLICompiler.kt:359)
	at org.jetbrains.kotlin.daemon.CompileServiceImpl.compile(CompileServiceImpl.kt:1706)
	at java.base/jdk.internal.reflect.DirectMethodHandleAccessor.invoke(DirectMethodHandleAccessor.java:103)
	at java.base/java.lang.reflect.Method.invoke(Method.java:580)
	at java.rmi/sun.rmi.server.UnicastServerRef.dispatch(UnicastServerRef.java:360)
	at java.rmi/sun.rmi.transport.Transport$1.run(Transport.java:200)
	at java.rmi/sun.rmi.transport.Transport$1.run(Transport.java:197)
	at java.base/java.security.AccessController.doPrivileged(AccessController.java:714)
	at java.rmi/sun.rmi.transport.Transport.serviceCall(Transport.java:196)
	at java.rmi/sun.rmi.transport.tcp.TCPTransport.handleMessages(TCPTransport.java:598)
	at java.rmi/sun.rmi.transport.tcp.TCPTransport$ConnectionHandler.run0(TCPTransport.java:844)
	at java.rmi/sun.rmi.transport.tcp.TCPTransport$ConnectionHandler.lambda$run$0(TCPTransport.java:721)
	at java.base/java.security.AccessController.doPrivileged(AccessController.java:400)
	at java.rmi/sun.rmi.transport.tcp.TCPTransport$ConnectionHandler.run(TCPTransport.java:720)
	at java.base/java.util.concurrent.ThreadPoolExecutor.runWorker(ThreadPoolExecutor.java:1144)
	at java.base/java.util.concurrent.ThreadPoolExecutor$Worker.run(ThreadPoolExecutor.java:642)
	at java.base/java.lang.Thread.run(Thread.java:1583)
Caused by: java.lang.AssertionError: Assertion failed
	at org.jetbrains.kotlin.fir.declarations.DeclarationUtilsKt.collectEnumEntries(declarationUtils.kt:189)
	at org.jetbrains.kotlin.fir.declarations.DeclarationUtilsKt.collectEnumEntries(declarationUtils.kt:205)
	at org.jetbrains.kotlin.fir.declarations.DeclarationUtilsKt.getComplementarySymbols(declarationUtils.kt:211)
	at org.jetbrains.kotlin.fir.resolve.dfa.FirDataFlowAnalyzer.processEq$addEqualityImplications(FirDataFlowAnalyzer.kt:771)
	at org.jetbrains.kotlin.fir.resolve.dfa.FirDataFlowAnalyzer.processEq(FirDataFlowAnalyzer.kt:780)
	at org.jetbrains.kotlin.fir.resolve.dfa.FirDataFlowAnalyzer.exitEqualityOperatorCall$lambda$0(FirDataFlowAnalyzer.kt:661)
	at org.jetbrains.kotlin.fir.resolve.dfa.FirDataFlowAnalyzer.buildDefaultFlow(FirDataFlowAnalyzer.kt:1669)
	at org.jetbrains.kotlin.fir.resolve.dfa.FirDataFlowAnalyzer.mergeIncomingFlow(FirDataFlowAnalyzer.kt:1715)
	at org.jetbrains.kotlin.fir.resolve.dfa.FirDataFlowAnalyzer.exitEqualityOperatorCall(FirDataFlowAnalyzer.kt:650)
	at org.jetbrains.kotlin.fir.resolve.transformers.body.resolve.FirExpressionsResolveTransformer.transformEqualityOperatorCall(FirExpressionsResolveTransformer.kt:1065)
	at org.jetbrains.kotlin.fir.resolve.transformers.body.resolve.FirExpressionsResolveTransformer.transformEqualityOperatorCall(FirExpressionsResolveTransformer.kt:69)
	at org.jetbrains.kotlin.fir.expressions.FirEqualityOperatorCall.transform(FirEqualityOperatorCall.kt:33)
	at org.jetbrains.kotlin.fir.expressions.impl.FirBooleanOperatorExpressionImpl.transformLeftOperand(FirBooleanOperatorExpressionImpl.kt:56)
	at org.jetbrains.kotlin.fir.expressions.impl.FirBooleanOperatorExpressionImpl.transformLeftOperand(FirBooleanOperatorExpressionImpl.kt:26)
	at org.jetbrains.kotlin.fir.resolve.transformers.body.resolve.FirExpressionsResolveTransformer.transformBooleanOperatorExpression(FirExpressionsResolveTransformer.kt:1278)
	at org.jetbrains.kotlin.fir.resolve.transformers.body.resolve.FirExpressionsResolveTransformer.transformBooleanOperatorExpression(FirExpressionsResolveTransformer.kt:69)
	at org.jetbrains.kotlin.fir.expressions.FirBooleanOperatorExpression.transform(FirBooleanOperatorExpression.kt:35)
	at org.jetbrains.kotlin.fir.expressions.impl.FirBooleanOperatorExpressionImpl.transformLeftOperand(FirBooleanOperatorExpressionImpl.kt:56)
	at org.jetbrains.kotlin.fir.expressions.impl.FirBooleanOperatorExpressionImpl.transformLeftOperand(FirBooleanOperatorExpressionImpl.kt:26)
	at org.jetbrains.kotlin.fir.resolve.transformers.body.resolve.FirExpressionsResolveTransformer.transformBooleanOperatorExpression(FirExpressionsResolveTransformer.kt:1278)
	at org.jetbrains.kotlin.fir.resolve.transformers.body.resolve.FirExpressionsResolveTransformer.transformBooleanOperatorExpression(FirExpressionsResolveTransformer.kt:69)
	at org.jetbrains.kotlin.fir.expressions.FirBooleanOperatorExpression.transform(FirBooleanOperatorExpression.kt:35)
	at org.jetbrains.kotlin.fir.expressions.impl.FirBooleanOperatorExpressionImpl.transformLeftOperand(FirBooleanOperatorExpressionImpl.kt:56)
	at org.jetbrains.kotlin.fir.expressions.impl.FirBooleanOperatorExpressionImpl.transformLeftOperand(FirBooleanOperatorExpressionImpl.kt:26)
	at org.jetbrains.kotlin.fir.resolve.transformers.body.resolve.FirExpressionsResolveTransformer.transformBooleanOperatorExpression(FirExpressionsResolveTransformer.kt:1278)
	at org.jetbrains.kotlin.fir.resolve.transformers.body.resolve.FirExpressionsResolveTransformer.transformBooleanOperatorExpression(FirExpressionsResolveTransformer.kt:69)
	at org.jetbrains.kotlin.fir.expressions.FirBooleanOperatorExpression.transform(FirBooleanOperatorExpression.kt:35)
	at org.jetbrains.kotlin.fir.expressions.impl.FirBooleanOperatorExpressionImpl.transformLeftOperand(FirBooleanOperatorExpressionImpl.kt:56)
	at org.jetbrains.kotlin.fir.expressions.impl.FirBooleanOperatorExpressionImpl.transformLeftOperand(FirBooleanOperatorExpressionImpl.kt:26)
	at org.jetbrains.kotlin.fir.resolve.transformers.body.resolve.FirExpressionsResolveTransformer.transformBooleanOperatorExpression(FirExpressionsResolveTransformer.kt:1278)
	at org.jetbrains.kotlin.fir.resolve.transformers.body.resolve.FirExpressionsResolveTransformer.transformBooleanOperatorExpression(FirExpressionsResolveTransformer.kt:69)
	at org.jetbrains.kotlin.fir.expressions.FirBooleanOperatorExpression.transform(FirBooleanOperatorExpression.kt:35)
	at org.jetbrains.kotlin.fir.expressions.impl.FirBooleanOperatorExpressionImpl.transformLeftOperand(FirBooleanOperatorExpressionImpl.kt:56)
	at org.jetbrains.kotlin.fir.expressions.impl.FirBooleanOperatorExpressionImpl.transformLeftOperand(FirBooleanOperatorExpressionImpl.kt:26)
	at org.jetbrains.kotlin.fir.resolve.transformers.body.resolve.FirExpressionsResolveTransformer.transformBooleanOperatorExpression(FirExpressionsResolveTransformer.kt:1278)
	at org.jetbrains.kotlin.fir.resolve.transformers.body.resolve.FirExpressionsResolveTransformer.transformBooleanOperatorExpression(FirExpressionsResolveTransformer.kt:69)
	at org.jetbrains.kotlin.fir.expressions.FirBooleanOperatorExpression.transform(FirBooleanOperatorExpression.kt:35)
	at org.jetbrains.kotlin.fir.expressions.impl.FirBooleanOperatorExpressionImpl.transformLeftOperand(FirBooleanOperatorExpressionImpl.kt:56)
	at org.jetbrains.kotlin.fir.expressions.impl.FirBooleanOperatorExpressionImpl.transformLeftOperand(FirBooleanOperatorExpressionImpl.kt:26)
	at org.jetbrains.kotlin.fir.resolve.transformers.body.resolve.FirExpressionsResolveTransformer.transformBooleanOperatorExpression(FirExpressionsResolveTransformer.kt:1278)
	at org.jetbrains.kotlin.fir.resolve.transformers.body.resolve.FirExpressionsResolveTransformer.transformBooleanOperatorExpression(FirExpressionsResolveTransformer.kt:69)
	at org.jetbrains.kotlin.fir.expressions.FirBooleanOperatorExpression.transform(FirBooleanOperatorExpression.kt:35)
	at org.jetbrains.kotlin.fir.expressions.impl.FirBooleanOperatorExpressionImpl.transformLeftOperand(FirBooleanOperatorExpressionImpl.kt:56)
	at org.jetbrains.kotlin.fir.expressions.impl.FirBooleanOperatorExpressionImpl.transformLeftOperand(FirBooleanOperatorExpressionImpl.kt:26)
	at org.jetbrains.kotlin.fir.resolve.transformers.body.resolve.FirExpressionsResolveTransformer.transformBooleanOperatorExpression(FirExpressionsResolveTransformer.kt:1278)
	at org.jetbrains.kotlin.fir.resolve.transformers.body.resolve.FirExpressionsResolveTransformer.transformBooleanOperatorExpression(FirExpressionsResolveTransformer.kt:69)
	at org.jetbrains.kotlin.fir.expressions.FirBooleanOperatorExpression.transform(FirBooleanOperatorExpression.kt:35)
	at org.jetbrains.kotlin.fir.expressions.impl.FirBooleanOperatorExpressionImpl.transformLeftOperand(FirBooleanOperatorExpressionImpl.kt:56)
	at org.jetbrains.kotlin.fir.expressions.impl.FirBooleanOperatorExpressionImpl.transformLeftOperand(FirBooleanOperatorExpressionImpl.kt:26)
	at org.jetbrains.kotlin.fir.resolve.transformers.body.resolve.FirExpressionsResolveTransformer.transformBooleanOperatorExpression(FirExpressionsResolveTransformer.kt:1278)
	at org.jetbrains.kotlin.fir.resolve.transformers.body.resolve.FirExpressionsResolveTransformer.transformBooleanOperatorExpression(FirExpressionsResolveTransformer.kt:69)
	at org.jetbrains.kotlin.fir.expressions.FirBooleanOperatorExpression.transform(FirBooleanOperatorExpression.kt:35)
	at org.jetbrains.kotlin.fir.expressions.impl.FirBooleanOperatorExpressionImpl.transformLeftOperand(FirBooleanOperatorExpressionImpl.kt:56)
	at org.jetbrains.kotlin.fir.expressions.impl.FirBooleanOperatorExpressionImpl.transformLeftOperand(FirBooleanOperatorExpressionImpl.kt:26)
	at org.jetbrains.kotlin.fir.resolve.transformers.body.resolve.FirExpressionsResolveTransformer.transformBooleanOperatorExpression(FirExpressionsResolveTransformer.kt:1278)
	at org.jetbrains.kotlin.fir.resolve.transformers.body.resolve.FirExpressionsResolveTransformer.transformBooleanOperatorExpression(FirExpressionsResolveTransformer.kt:69)
	at org.jetbrains.kotlin.fir.expressions.FirBooleanOperatorExpression.transform(FirBooleanOperatorExpression.kt:35)
	at org.jetbrains.kotlin.fir.expressions.impl.FirBooleanOperatorExpressionImpl.transformLeftOperand(FirBooleanOperatorExpressionImpl.kt:56)
	at org.jetbrains.kotlin.fir.expressions.impl.FirBooleanOperatorExpressionImpl.transformLeftOperand(FirBooleanOperatorExpressionImpl.kt:26)
	at org.jetbrains.kotlin.fir.resolve.transformers.body.resolve.FirExpressionsResolveTransformer.transformBooleanOperatorExpression(FirExpressionsResolveTransformer.kt:1278)
	at org.jetbrains.kotlin.fir.resolve.transformers.body.resolve.FirExpressionsResolveTransformer.transformBooleanOperatorExpression(FirExpressionsResolveTransformer.kt:69)
	at org.jetbrains.kotlin.fir.expressions.FirBooleanOperatorExpression.transform(FirBooleanOperatorExpression.kt:35)
	at org.jetbrains.kotlin.fir.expressions.impl.FirBooleanOperatorExpressionImpl.transformLeftOperand(FirBooleanOperatorExpressionImpl.kt:56)
	at org.jetbrains.kotlin.fir.expressions.impl.FirBooleanOperatorExpressionImpl.transformLeftOperand(FirBooleanOperatorExpressionImpl.kt:26)
	at org.jetbrains.kotlin.fir.resolve.transformers.body.resolve.FirExpressionsResolveTransformer.transformBooleanOperatorExpression(FirExpressionsResolveTransformer.kt:1278)
	at org.jetbrains.kotlin.fir.resolve.transformers.body.resolve.FirAbstractBodyResolveTransformerDispatcher.transformBooleanOperatorExpression(FirAbstractBodyResolveTransformerDispatcher.kt:299)
	at org.jetbrains.kotlin.fir.resolve.transformers.body.resolve.FirAbstractBodyResolveTransformerDispatcher.transformBooleanOperatorExpression(FirAbstractBodyResolveTransformerDispatcher.kt:27)
	at org.jetbrains.kotlin.fir.expressions.FirBooleanOperatorExpression.transform(FirBooleanOperatorExpression.kt:35)
	at org.jetbrains.kotlin.fir.expressions.impl.FirReturnExpressionImpl.transformResult(FirReturnExpressionImpl.kt:56)
	at org.jetbrains.kotlin.fir.expressions.impl.FirReturnExpressionImpl.transformChildren(FirReturnExpressionImpl.kt:45)
	at org.jetbrains.kotlin.fir.expressions.impl.FirReturnExpressionImpl.transformChildren(FirReturnExpressionImpl.kt:30)
	at org.jetbrains.kotlin.fir.resolve.transformers.body.resolve.FirExpressionsResolveTransformer.transformExpression(FirExpressionsResolveTransformer.kt:94)
	at org.jetbrains.kotlin.fir.resolve.transformers.body.resolve.FirAbstractBodyResolveTransformerDispatcher.transformExpression(FirAbstractBodyResolveTransformerDispatcher.kt:146)
	at org.jetbrains.kotlin.fir.resolve.transformers.body.resolve.FirControlFlowStatementsResolveTransformer.transformJump(FirControlFlowStatementsResolveTransformer.kt:177)
	at org.jetbrains.kotlin.fir.resolve.transformers.body.resolve.FirControlFlowStatementsResolveTransformer.transformReturnExpression(FirControlFlowStatementsResolveTransformer.kt:198)
	at org.jetbrains.kotlin.fir.resolve.transformers.body.resolve.FirAbstractBodyResolveTransformerDispatcher.transformReturnExpression(FirAbstractBodyResolveTransformerDispatcher.kt:742)
	at org.jetbrains.kotlin.fir.resolve.transformers.body.resolve.FirAbstractBodyResolveTransformerDispatcher.transformReturnExpression(FirAbstractBodyResolveTransformerDispatcher.kt:27)
	at org.jetbrains.kotlin.fir.expressions.FirReturnExpression.transform(FirReturnExpression.kt:35)
	at org.jetbrains.kotlin.fir.expressions.FirExpressionUtilKt.transformStatementsIndexed(FirExpressionUtil.kt:231)
	at org.jetbrains.kotlin.fir.resolve.transformers.body.resolve.FirExpressionsResolveTransformer.transformBlockInCurrentScope$resolve(FirExpressionsResolveTransformer.kt:743)
	at org.jetbrains.kotlin.fir.resolve.transformers.body.resolve.FirExpressionsResolveTransformer.transformBlock(FirExpressionsResolveTransformer.kt:734)
	at org.jetbrains.kotlin.fir.resolve.transformers.body.resolve.FirAbstractBodyResolveTransformerDispatcher.transformBlock(FirAbstractBodyResolveTransformerDispatcher.kt:227)
	at org.jetbrains.kotlin.fir.resolve.transformers.body.resolve.FirAbstractBodyResolveTransformerDispatcher.transformBlock(FirAbstractBodyResolveTransformerDispatcher.kt:27)
	at org.jetbrains.kotlin.fir.expressions.FirBlock.transform(FirBlock.kt:33)
	at org.jetbrains.kotlin.fir.resolve.transformers.body.resolve.FirPartialBodyResolveTransformer.transformElement(FirPartialBodyResolveTransformer.kt:36)
	at org.jetbrains.kotlin.fir.resolve.transformers.body.resolve.FirPartialBodyResolveTransformer.transformElement(FirPartialBodyResolveTransformer.kt:13)
	at org.jetbrains.kotlin.fir.visitors.FirTransformer.transformBlock(FirTransformer.kt:183)
	at org.jetbrains.kotlin.fir.expressions.FirBlock.transform(FirBlock.kt:33)
	at org.jetbrains.kotlin.fir.declarations.impl.FirSimpleFunctionImpl.transformBody(FirSimpleFunctionImpl.kt:116)
	at org.jetbrains.kotlin.fir.declarations.impl.FirSimpleFunctionImpl.transformBody(FirSimpleFunctionImpl.kt:32)
	at org.jetbrains.kotlin.fir.resolve.transformers.body.resolve.FirDeclarationsResolveTransformer.transformFunctionContent(FirDeclarationsResolveTransformer.kt:1073)
	at org.jetbrains.kotlin.fir.resolve.transformers.body.resolve.FirDeclarationsResolveTransformer.transformFunctionWithGivenSignature(FirDeclarationsResolveTransformer.kt:1004)
	at org.jetbrains.kotlin.fir.resolve.transformers.body.resolve.FirDeclarationsResolveTransformer.access$transformFunctionWithGivenSignature(FirDeclarationsResolveTransformer.kt:69)
	at org.jetbrains.kotlin.fir.resolve.transformers.body.resolve.FirDeclarationsResolveTransformer.transformSimpleFunction$lambda$0$0$0(FirDeclarationsResolveTransformer.kt:996)
	at org.jetbrains.kotlin.fir.resolve.transformers.body.resolve.BodyResolveContext.withParameters(BodyResolveContext.kt:1511)
	at org.jetbrains.kotlin.fir.resolve.transformers.body.resolve.BodyResolveContext.forFunctionBody(BodyResolveContext.kt:835)
	at org.jetbrains.kotlin.fir.resolve.transformers.body.resolve.FirDeclarationsResolveTransformer.transformSimpleFunction(FirDeclarationsResolveTransformer.kt:994)
	at org.jetbrains.kotlin.fir.resolve.transformers.body.resolve.FirAbstractBodyResolveTransformerDispatcher.transformSimpleFunction(FirAbstractBodyResolveTransformerDispatcher.kt:579)
	at org.jetbrains.kotlin.fir.resolve.transformers.body.resolve.FirAbstractBodyResolveTransformerDispatcher.transformSimpleFunction(FirAbstractBodyResolveTransformerDispatcher.kt:27)
	at org.jetbrains.kotlin.fir.declarations.FirSimpleFunction.transform(FirSimpleFunction.kt:55)
	at org.jetbrains.kotlin.fir.visitors.FirTransformerUtilKt.transformInplace(FirTransformerUtil.kt:20)
	at org.jetbrains.kotlin.fir.declarations.impl.FirRegularClassImpl.transformDeclarations(FirRegularClassImpl.kt:97)
	at org.jetbrains.kotlin.fir.declarations.impl.FirRegularClassImpl.transformChildren(FirRegularClassImpl.kt:79)
	at org.jetbrains.kotlin.fir.declarations.impl.FirRegularClassImpl.transformChildren(FirRegularClassImpl.kt:31)
	at org.jetbrains.kotlin.fir.resolve.transformers.body.resolve.FirAbstractBodyResolveTransformerDispatcher.transformElement(FirAbstractBodyResolveTransformerDispatcher.kt:92)
	at org.jetbrains.kotlin.fir.resolve.transformers.body.resolve.FirAbstractBodyResolveTransformerDispatcher.transformDeclarationContent(FirAbstractBodyResolveTransformerDispatcher.kt:467)
	at org.jetbrains.kotlin.fir.resolve.transformers.body.resolve.FirDeclarationsResolveTransformer.transformDeclarationContent(FirDeclarationsResolveTransformer.kt:89)
	at org.jetbrains.kotlin.fir.resolve.transformers.body.resolve.FirDeclarationsResolveTransformer.doTransformRegularClassContent$lambda$0(FirDeclarationsResolveTransformer.kt:923)
	at org.jetbrains.kotlin.fir.resolve.transformers.body.resolve.FirDeclarationsResolveTransformer.forRegularClassBody$lambda$0(FirDeclarationsResolveTransformer.kt:932)
	at org.jetbrains.kotlin.fir.resolve.transformers.body.resolve.BodyResolveContext.forRegularClassBody$lambda$0$0(BodyResolveContext.kt:1937)
	at org.jetbrains.kotlin.fir.resolve.transformers.body.resolve.BodyResolveContext.withScopesForClass(BodyResolveContext.kt:657)
	at org.jetbrains.kotlin.fir.resolve.transformers.body.resolve.BodyResolveContext.forRegularClassBody(BodyResolveContext.kt:503)
	at org.jetbrains.kotlin.fir.resolve.transformers.body.resolve.FirDeclarationsResolveTransformer.forRegularClassBody(FirDeclarationsResolveTransformer.kt:931)
	at org.jetbrains.kotlin.fir.resolve.transformers.body.resolve.FirDeclarationsResolveTransformer.doTransformRegularClassContent(FirDeclarationsResolveTransformer.kt:922)
	at org.jetbrains.kotlin.fir.resolve.transformers.body.resolve.FirDeclarationsResolveTransformer.transformRegularClass(FirDeclarationsResolveTransformer.kt:823)
	at org.jetbrains.kotlin.fir.resolve.transformers.body.resolve.FirAbstractBodyResolveTransformerDispatcher.transformRegularClass(FirAbstractBodyResolveTransformerDispatcher.kt:552)
	at org.jetbrains.kotlin.fir.resolve.transformers.body.resolve.FirAbstractBodyResolveTransformerDispatcher.transformRegularClass(FirAbstractBodyResolveTransformerDispatcher.kt:27)
	at org.jetbrains.kotlin.fir.declarations.FirRegularClass.transform(FirRegularClass.kt:54)
	at org.jetbrains.kotlin.fir.visitors.FirTransformerUtilKt.transformInplace(FirTransformerUtil.kt:20)
	at org.jetbrains.kotlin.fir.declarations.impl.FirFileImpl.transformDeclarations(FirFileImpl.kt:83)
	at org.jetbrains.kotlin.fir.declarations.impl.FirFileImpl.transformChildren(FirFileImpl.kt:68)
	at org.jetbrains.kotlin.fir.declarations.impl.FirFileImpl.transformChildren(FirFileImpl.kt:29)
	at org.jetbrains.kotlin.fir.resolve.transformers.body.resolve.FirAbstractBodyResolveTransformerDispatcher.transformElement(FirAbstractBodyResolveTransformerDispatcher.kt:92)
	at org.jetbrains.kotlin.fir.resolve.transformers.body.resolve.FirAbstractBodyResolveTransformerDispatcher.transformDeclarationContent(FirAbstractBodyResolveTransformerDispatcher.kt:467)
	at org.jetbrains.kotlin.fir.resolve.transformers.body.resolve.FirDeclarationsResolveTransformer.transformDeclarationContent(FirDeclarationsResolveTransformer.kt:89)
	at org.jetbrains.kotlin.fir.resolve.transformers.body.resolve.FirDeclarationsResolveTransformer.doTransformFile$lambda$0(FirDeclarationsResolveTransformer.kt:895)
	at org.jetbrains.kotlin.fir.resolve.transformers.body.resolve.FirDeclarationsResolveTransformer.withFile(FirDeclarationsResolveTransformer.kt:908)
	at org.jetbrains.kotlin.fir.resolve.transformers.body.resolve.FirDeclarationsResolveTransformer.doTransformFile(FirDeclarationsResolveTransformer.kt:894)
	at org.jetbrains.kotlin.fir.resolve.transformers.body.resolve.FirDeclarationsResolveTransformer.transformFile(FirDeclarationsResolveTransformer.kt:801)
	... 38 more


