kotlin version: 2.3.0
error message: java.lang.OutOfMemoryError: Java heap space
	at kotlin.collections.builders.MapBuilder.<init>(MapBuilder.kt:60)
	at kotlin.collections.builders.MapBuilder.<init>(MapBuilder.kt:54)
	at kotlin.collections.builders.SetBuilder.<init>(SetBuilder.kt:19)
	at kotlin.collections.SetsKt__SetsJVMKt.createSetBuilder(SetsJVM.kt:39)
	at org.jetbrains.kotlin.resolve.calls.inference.components.VariableFixationFinderKt.extractProjectionsForAllCapturedTypes(VariableFixationFinder.kt:428)
	at org.jetbrains.kotlin.resolve.calls.inference.InferenceUtilsKt.extractAllContainingTypeVariables(InferenceUtils.kt:96)
	at org.jetbrains.kotlin.resolve.calls.inference.components.ConstraintInjector.recordReferencesOfOtherTypeVariableInConstraint(ConstraintInjector.kt:210)
	at org.jetbrains.kotlin.resolve.calls.inference.components.ConstraintInjector.processGivenConstraints(ConstraintInjector.kt:196)
	at org.jetbrains.kotlin.resolve.calls.inference.components.ConstraintInjector.processConstraintsIgnoringForksData(ConstraintInjector.kt:171)
	at org.jetbrains.kotlin.resolve.calls.inference.components.ConstraintInjector.processConstraints(ConstraintInjector.kt:153)
	at org.jetbrains.kotlin.resolve.calls.inference.components.ConstraintInjector.addSubTypeConstraintAndIncorporateIt(ConstraintInjector.kt:127)
	at org.jetbrains.kotlin.resolve.calls.inference.components.ConstraintInjector.access$addSubTypeConstraintAndIncorporateIt(ConstraintInjector.kt:23)
	at org.jetbrains.kotlin.resolve.calls.inference.components.ConstraintInjector.addInitialSubtypeConstraint(ConstraintInjector.kt:83)
	at org.jetbrains.kotlin.resolve.calls.inference.model.NewConstraintSystemImpl.addSubtypeConstraint(NewConstraintSystemImpl.kt:216)
	at org.jetbrains.kotlin.resolve.calls.inference.ConstraintSystemBuilderKt.addConstraintIfCompatible(ConstraintSystemBuilder.kt:114)
	at org.jetbrains.kotlin.resolve.calls.inference.ConstraintSystemBuilderKt.addSubtypeConstraintIfCompatible(ConstraintSystemBuilder.kt:98)
	at org.jetbrains.kotlin.fir.resolve.calls.stages.ArgumentCheckingProcessor.checkApplicabilityForArgumentType(ArgumentCheckingProcessor.kt:298)
	at org.jetbrains.kotlin.fir.resolve.calls.stages.ArgumentCheckingProcessor.resolvePlainArgumentType(ArgumentCheckingProcessor.kt:220)
	at org.jetbrains.kotlin.fir.resolve.calls.stages.ArgumentCheckingProcessor.resolvePlainArgumentType$default(ArgumentCheckingProcessor.kt:189)
	at org.jetbrains.kotlin.fir.resolve.calls.stages.ArgumentCheckingProcessor.resolvePlainExpressionArgument(ArgumentCheckingProcessor.kt:179)
	at org.jetbrains.kotlin.fir.resolve.calls.stages.ArgumentCheckingProcessor.resolvePlainExpressionArgument$default(ArgumentCheckingProcessor.kt:171)
	at org.jetbrains.kotlin.fir.resolve.calls.stages.ArgumentCheckingProcessor.resolveArgumentExpression(ArgumentCheckingProcessor.kt:128)
	at org.jetbrains.kotlin.fir.resolve.calls.stages.ArgumentCheckingProcessor.resolveArgumentExpression(ArgumentCheckingProcessor.kt:160)
	at org.jetbrains.kotlin.fir.resolve.calls.stages.ArgumentCheckingProcessor.resolveArgumentExpression(ArgumentCheckingProcessor.kt:82)
	at org.jetbrains.kotlin.fir.resolve.calls.stages.ArgumentCheckingProcessor.resolveArgumentExpression$default(ArgumentCheckingProcessor.kt:68)
	at org.jetbrains.kotlin.fir.resolve.calls.stages.CheckArguments.resolveArgument(CheckArguments.kt:84)
	at org.jetbrains.kotlin.fir.resolve.calls.stages.CheckArguments.check(CheckArguments.kt:43)
	at org.jetbrains.kotlin.fir.resolve.calls.stages.ResolutionStageRunner$processCandidate$1.invokeSuspend(ResolutionStageRunner.kt:35)
	at kotlin.coroutines.jvm.internal.BaseContinuationImpl.resumeWith(ContinuationImpl.kt:34)
	at org.jetbrains.kotlin.fir.resolve.calls.stages.ResolutionStageRunner.processCandidate(ResolutionStageRunner.kt:49)
	at org.jetbrains.kotlin.fir.resolve.calls.stages.ResolutionStageRunner.processCandidate$default(ResolutionStageRunner.kt:20)
	at org.jetbrains.kotlin.fir.resolve.transformers.FirSyntheticCallGenerator.generateCalleeReferenceWithCandidate(FirSyntheticCallGenerator.kt:506)


